ΓòöΓòÉΓòÉΓòÉΓòÉΓòÉΓòÉΓòÉΓòÉΓòÉΓòÉΓòÉΓòÉΓòÉΓòÉΓòÉΓòÉΓòÉΓòÉΓòÉΓòÉΓòÉΓòÉΓòÉΓòÉΓòÉΓòÉΓòÉΓòÉΓòÉΓòÉΓòÉΓòÉΓòÉΓòÉΓòÉΓòÉΓòÉΓòÉΓòÉΓòÉΓòÉΓòÉΓòÉΓòÉΓòÉΓòÉΓòÉΓòÉΓòÉΓòÉΓòÉΓòÉΓòÉΓòÉΓòÉΓòÉΓòÉΓòÉΓòù
Γòæ   CareerGPT ΓÇö FINAL COMPREHENSIVE TEST SUITE           Γòæ
Γòæ   Testing ALL 61 endpoints + edge cases + security     Γòæ
ΓòÜΓòÉΓòÉΓòÉΓòÉΓòÉΓòÉΓòÉΓòÉΓòÉΓòÉΓòÉΓòÉΓòÉΓòÉΓòÉΓòÉΓòÉΓòÉΓòÉΓòÉΓòÉΓòÉΓòÉΓòÉΓòÉΓòÉΓòÉΓòÉΓòÉΓòÉΓòÉΓòÉΓòÉΓòÉΓòÉΓòÉΓòÉΓòÉΓòÉΓòÉΓòÉΓòÉΓòÉΓòÉΓòÉΓòÉΓòÉΓòÉΓòÉΓòÉΓòÉΓòÉΓòÉΓòÉΓòÉΓòÉΓòÉΓòÉΓò¥
Server: http://localhost:3099/api
Test user: finaltest-1772204480737@careergpt-test.com
Started: 27/2/2026, 8:31:20 pm

  Resetting rate limiter...
  Rate limiter reset Γ£ô


ΓòÉΓòÉΓòÉΓòÉΓòÉΓòÉΓòÉΓòÉΓòÉΓòÉΓòÉΓòÉΓòÉΓòÉΓòÉΓòÉΓòÉΓòÉΓòÉΓòÉΓòÉΓòÉΓòÉΓòÉΓòÉΓòÉΓòÉΓòÉΓòÉΓòÉΓòÉΓòÉΓòÉΓòÉΓòÉΓòÉΓòÉΓòÉΓòÉΓòÉΓòÉΓòÉΓòÉΓòÉΓòÉΓòÉΓòÉΓòÉΓòÉΓòÉ
  1. SYSTEM ΓÇö Health & Models
ΓòÉΓòÉΓòÉΓòÉΓòÉΓòÉΓòÉΓòÉΓòÉΓòÉΓòÉΓòÉΓòÉΓòÉΓòÉΓòÉΓòÉΓòÉΓòÉΓòÉΓòÉΓòÉΓòÉΓòÉΓòÉΓòÉΓòÉΓòÉΓòÉΓòÉΓòÉΓòÉΓòÉΓòÉΓòÉΓòÉΓòÉΓòÉΓòÉΓòÉΓòÉΓòÉΓòÉΓòÉΓòÉΓòÉΓòÉΓòÉΓòÉΓòÉ
  Γ£à PASS | GET /health returns healthy ΓÇö status=healthy, db=undefined
  Γ£à PASS | GET /models returns 5 models ΓÇö count=5
  Γ£à PASS | Each model has name/provider/model/color ΓÇö names=GPT-4.1, Claude 4 Sonnet, Gemini 2.5 Flash, Grok 3 Mini, Perplexity Sonar
  Γ£à PASS | Model names are correct ΓÇö expected=GPT-4.1,Claude 4 Sonnet,Gemini 2.5 Flash,Grok 3 Mini,Perplexity Sonar actual=GPT-4.1,Claude 4 Sonnet,Gemini 2.5 Flash,Grok 3 Mini,Perplexity Sonar
  Γ£à PASS | OPTIONS returns CORS headers ΓÇö allow-origin=*

ΓòÉΓòÉΓòÉΓòÉΓòÉΓòÉΓòÉΓòÉΓòÉΓòÉΓòÉΓòÉΓòÉΓòÉΓòÉΓòÉΓòÉΓòÉΓòÉΓòÉΓòÉΓòÉΓòÉΓòÉΓòÉΓòÉΓòÉΓòÉΓòÉΓòÉΓòÉΓòÉΓòÉΓòÉΓòÉΓòÉΓòÉΓòÉΓòÉΓòÉΓòÉΓòÉΓòÉΓòÉΓòÉΓòÉΓòÉΓòÉΓòÉΓòÉ
  2. AUTH ΓÇö Registration, Login, Verification, Passwords
ΓòÉΓòÉΓòÉΓòÉΓòÉΓòÉΓòÉΓòÉΓòÉΓòÉΓòÉΓòÉΓòÉΓòÉΓòÉΓòÉΓòÉΓòÉΓòÉΓòÉΓòÉΓòÉΓòÉΓòÉΓòÉΓòÉΓòÉΓòÉΓòÉΓòÉΓòÉΓòÉΓòÉΓòÉΓòÉΓòÉΓòÉΓòÉΓòÉΓòÉΓòÉΓòÉΓòÉΓòÉΓòÉΓòÉΓòÉΓòÉΓòÉΓòÉ
  Γ£à PASS | POST /auth/guest succeeds ΓÇö role=guest, has_token=true
  Γ£à PASS | Guest user has role=guest
  Γ£à PASS | POST /auth/register creates account ΓÇö msg=Account created successfully!
  Γ£à PASS | Register rejects weak password (<6) ΓÇö error=Password must be at least 6 characters
  Γ£à PASS | Register rejects missing name ΓÇö error=Name, email, and password are required
  Γ£à PASS | Register rejects missing email ΓÇö error=Name, email, and password are required
  Γ£à PASS | Register rejects missing password ΓÇö error=Name, email, and password are required
  Γ£à PASS | Register rejects duplicate email ΓÇö error=Email already registered
  Γ£à PASS | GET /debug/verify-user auto-verifies ΓÇö msg=User verified
  Γ£à PASS | POST /auth/verify-email rejects bad token ΓÇö status=500
  Γ£à PASS | POST /auth/resend-verification works ΓÇö msg=Email is already verified. You can login now.
  Γ£à PASS | POST /auth/login succeeds ΓÇö has_token=true
  Γ£à PASS | Login rejects wrong password ΓÇö error=Invalid credentials
  Γ£à PASS | Login rejects non-existent user ΓÇö status=401
  Γ£à PASS | Login rejects empty body ΓÇö status=400
  Γ£à PASS | POST /auth/forgot-password succeeds ΓÇö msg=If an account exists, password reset link sent to email
  Γ£à PASS | Forgot password doesnt reveal non-existent user ΓÇö msg=If an account exists, password reset link sent to email
  Γ£à PASS | POST /auth/reset-password rejects bad token ΓÇö status=500, error=Reset failed: jwt malformed
  Γ£à PASS | POST /auth/change-password succeeds ΓÇö msg=Password changed successfully
  Γ£à PASS | Change password rejects wrong current ΓÇö error=Current password is incorrect
  Γ£à PASS | Second user registration works ΓÇö msg=Account created successfully!

ΓòÉΓòÉΓòÉΓòÉΓòÉΓòÉΓòÉΓòÉΓòÉΓòÉΓòÉΓòÉΓòÉΓòÉΓòÉΓòÉΓòÉΓòÉΓòÉΓòÉΓòÉΓòÉΓòÉΓòÉΓòÉΓòÉΓòÉΓòÉΓòÉΓòÉΓòÉΓòÉΓòÉΓòÉΓòÉΓòÉΓòÉΓòÉΓòÉΓòÉΓòÉΓòÉΓòÉΓòÉΓòÉΓòÉΓòÉΓòÉΓòÉΓòÉ
  3. PROFILE ΓÇö Get & Update
ΓòÉΓòÉΓòÉΓòÉΓòÉΓòÉΓòÉΓòÉΓòÉΓòÉΓòÉΓòÉΓòÉΓòÉΓòÉΓòÉΓòÉΓòÉΓòÉΓòÉΓòÉΓòÉΓòÉΓòÉΓòÉΓòÉΓòÉΓòÉΓòÉΓòÉΓòÉΓòÉΓòÉΓòÉΓòÉΓòÉΓòÉΓòÉΓòÉΓòÉΓòÉΓòÉΓòÉΓòÉΓòÉΓòÉΓòÉΓòÉΓòÉΓòÉ
  Γ£à PASS | GET /profile returns user ΓÇö name=Test User Final
  Γ£à PASS | GET /profile returns stats ΓÇö keys=resumeCount,interviewCount,chatCount,careerPathCount
  Γ£à PASS | PUT /profile updates successfully ΓÇö success=true
  Γ£à PASS | Profile update persisted ΓÇö name=Final Test User
  Γ£à PASS | Profile skills persisted ΓÇö skills=6
  Γ£à PASS | GET /profile rejects without auth ΓÇö status=401

ΓòÉΓòÉΓòÉΓòÉΓòÉΓòÉΓòÉΓòÉΓòÉΓòÉΓòÉΓòÉΓòÉΓòÉΓòÉΓòÉΓòÉΓòÉΓòÉΓòÉΓòÉΓòÉΓòÉΓòÉΓòÉΓòÉΓòÉΓòÉΓòÉΓòÉΓòÉΓòÉΓòÉΓòÉΓòÉΓòÉΓòÉΓòÉΓòÉΓòÉΓòÉΓòÉΓòÉΓòÉΓòÉΓòÉΓòÉΓòÉΓòÉΓòÉ
  4. AI CHAT ΓÇö Messaging, Sessions, Multi-Model
ΓòÉΓòÉΓòÉΓòÉΓòÉΓòÉΓòÉΓòÉΓòÉΓòÉΓòÉΓòÉΓòÉΓòÉΓòÉΓòÉΓòÉΓòÉΓòÉΓòÉΓòÉΓòÉΓòÉΓòÉΓòÉΓòÉΓòÉΓòÉΓòÉΓòÉΓòÉΓòÉΓòÉΓòÉΓòÉΓòÉΓòÉΓòÉΓòÉΓòÉΓòÉΓòÉΓòÉΓòÉΓòÉΓòÉΓòÉΓòÉΓòÉΓòÉ
  Γ£à PASS | POST /chat/send creates session ΓÇö sid=b1b72260
  Γ£à PASS | Chat returns LLM response ΓÇö len=2058
  Γ£à PASS | Chat returns model info ΓÇö models=GPT-4.1
  Γ¥î FAIL | Follow-up maintains context ΓÇö len=undefined
  Γ£à PASS | Empty message rejected ΓÇö error=Message is required
  Γ£à PASS | Chat allows anonymous (guest support) ΓÇö status=200
  Γ£à PASS | GET /chat/sessions lists sessions ΓÇö count=1
  Γ£à PASS | GET /chat/sessions/:id returns session ΓÇö messages=2
  Γ£à PASS | Session has correct message count ΓÇö count=2
  Γ£à PASS | POST /chat/rename-session works ΓÇö success=true
  Γ£à PASS | Can create multiple sessions ΓÇö sid2=33c64e9a

ΓòÉΓòÉΓòÉΓòÉΓòÉΓòÉΓòÉΓòÉΓòÉΓòÉΓòÉΓòÉΓòÉΓòÉΓòÉΓòÉΓòÉΓòÉΓòÉΓòÉΓòÉΓòÉΓòÉΓòÉΓòÉΓòÉΓòÉΓòÉΓòÉΓòÉΓòÉΓòÉΓòÉΓòÉΓòÉΓòÉΓòÉΓòÉΓòÉΓòÉΓòÉΓòÉΓòÉΓòÉΓòÉΓòÉΓòÉΓòÉΓòÉΓòÉ
  5. RESUME ΓÇö Upload, Analyze, List, Variants
ΓòÉΓòÉΓòÉΓòÉΓòÉΓòÉΓòÉΓòÉΓòÉΓòÉΓòÉΓòÉΓòÉΓòÉΓòÉΓòÉΓòÉΓòÉΓòÉΓòÉΓòÉΓòÉΓòÉΓòÉΓòÉΓòÉΓòÉΓòÉΓòÉΓòÉΓòÉΓòÉΓòÉΓòÉΓòÉΓòÉΓòÉΓòÉΓòÉΓòÉΓòÉΓòÉΓòÉΓòÉΓòÉΓòÉΓòÉΓòÉΓòÉΓòÉ
  Γ£à PASS | POST /resume/upload succeeds ΓÇö id=e5d324c2
  Γ£à PASS | Upload rejects empty body ΓÇö status=400
  Γ¥î FAIL | POST /resume/analyze succeeds ΓÇö atsScore=undefined
  Γ£à PASS | Analyze rejects without resumeId ΓÇö error=resumeId required
  Γ£à PASS | GET /resumes lists uploads ΓÇö count=1
  Γ£à PASS | GET /resume/:id returns resume ΓÇö file=jane-smith-resume.txt
  Γ£à PASS | POST /resume/create-variant works ΓÇö id=e5d324c2
  Γ£à PASS | POST /resume/track-metric works ΓÇö msg=Tracked: view
  Γ£à PASS | POST /resume/recommendations works ΓÇö has_recs=false
  Γ£à PASS | GET /resume/compare/:id works ΓÇö status=200

ΓòÉΓòÉΓòÉΓòÉΓòÉΓòÉΓòÉΓòÉΓòÉΓòÉΓòÉΓòÉΓòÉΓòÉΓòÉΓòÉΓòÉΓòÉΓòÉΓòÉΓòÉΓòÉΓòÉΓòÉΓòÉΓòÉΓòÉΓòÉΓòÉΓòÉΓòÉΓòÉΓòÉΓòÉΓòÉΓòÉΓòÉΓòÉΓòÉΓòÉΓòÉΓòÉΓòÉΓòÉΓòÉΓòÉΓòÉΓòÉΓòÉΓòÉ
  6. CAREER PATH ΓÇö Generate, List, Quality
ΓòÉΓòÉΓòÉΓòÉΓòÉΓòÉΓòÉΓòÉΓòÉΓòÉΓòÉΓòÉΓòÉΓòÉΓòÉΓòÉΓòÉΓòÉΓòÉΓòÉΓòÉΓòÉΓòÉΓòÉΓòÉΓòÉΓòÉΓòÉΓòÉΓòÉΓòÉΓòÉΓòÉΓòÉΓòÉΓòÉΓòÉΓòÉΓòÉΓòÉΓòÉΓòÉΓòÉΓòÉΓòÉΓòÉΓòÉΓòÉΓòÉΓòÉ
  Γ¥î FAIL | POST /career-path/generate succeeds ΓÇö pathId=undefined
  Γ£à PASS | GET /career-paths lists saved paths ΓÇö count=0

ΓòÉΓòÉΓòÉΓòÉΓòÉΓòÉΓòÉΓòÉΓòÉΓòÉΓòÉΓòÉΓòÉΓòÉΓòÉΓòÉΓòÉΓòÉΓòÉΓòÉΓòÉΓòÉΓòÉΓòÉΓòÉΓòÉΓòÉΓòÉΓòÉΓòÉΓòÉΓòÉΓòÉΓòÉΓòÉΓòÉΓòÉΓòÉΓòÉΓòÉΓòÉΓòÉΓòÉΓòÉΓòÉΓòÉΓòÉΓòÉΓòÉΓòÉ
  7. MOCK INTERVIEW ΓÇö Start, Respond, Feedback, Report
ΓòÉΓòÉΓòÉΓòÉΓòÉΓòÉΓòÉΓòÉΓòÉΓòÉΓòÉΓòÉΓòÉΓòÉΓòÉΓòÉΓòÉΓòÉΓòÉΓòÉΓòÉΓòÉΓòÉΓòÉΓòÉΓòÉΓòÉΓòÉΓòÉΓòÉΓòÉΓòÉΓòÉΓòÉΓòÉΓòÉΓòÉΓòÉΓòÉΓòÉΓòÉΓòÉΓòÉΓòÉΓòÉΓòÉΓòÉΓòÉΓòÉΓòÉ
  Γ£à PASS | POST /mock-interview/start succeeds ΓÇö sid=19185938
  Γ£à PASS | Returns first question ΓÇö qLen=274
  Γ£à PASS | POST /mock-interview/respond succeeds ΓÇö score=7
  Γ£à PASS | Feedback has score ΓÇö score=7/10
  Γ£à PASS | Feedback has technical accuracy ΓÇö tech=7
  Γ£à PASS | Feedback has communication score ΓÇö comm=7
  Γ£à PASS | Has strengths array ΓÇö count=2
  Γ£à PASS | Has improvements array ΓÇö count=2
  Γ£à PASS | Has next question ΓÇö len=65
  Γ£à PASS | Respond rejects without sessionId ΓÇö status=400
  Γ£à PASS | POST /interview/generate-report works ΓÇö status=400, has_report=false

ΓòÉΓòÉΓòÉΓòÉΓòÉΓòÉΓòÉΓòÉΓòÉΓòÉΓòÉΓòÉΓòÉΓòÉΓòÉΓòÉΓòÉΓòÉΓòÉΓòÉΓòÉΓòÉΓòÉΓòÉΓòÉΓòÉΓòÉΓòÉΓòÉΓòÉΓòÉΓòÉΓòÉΓòÉΓòÉΓòÉΓòÉΓòÉΓòÉΓòÉΓòÉΓòÉΓòÉΓòÉΓòÉΓòÉΓòÉΓòÉΓòÉΓòÉ
  8. JOB MATCHING ΓÇö AI Match, History
ΓòÉΓòÉΓòÉΓòÉΓòÉΓòÉΓòÉΓòÉΓòÉΓòÉΓòÉΓòÉΓòÉΓòÉΓòÉΓòÉΓòÉΓòÉΓòÉΓòÉΓòÉΓòÉΓòÉΓòÉΓòÉΓòÉΓòÉΓòÉΓòÉΓòÉΓòÉΓòÉΓòÉΓòÉΓòÉΓòÉΓòÉΓòÉΓòÉΓòÉΓòÉΓòÉΓòÉΓòÉΓòÉΓòÉΓòÉΓòÉΓòÉΓòÉ
  Γ£à PASS | POST /job-match returns matches ΓÇö count=10
  Γ£à PASS | Match has title ΓÇö title=Requirements Specialist Software Defined Radio (m/w/x)
  Γ£à PASS | Match has score ΓÇö score=35
  Γ£à PASS | Match has company ΓÇö company=K-tronik GmbH
  Γ£à PASS | Has data source info ΓÇö source=real_jobs_ranked_by_ai
  Γ£à PASS | POST /job-match/history returns results ΓÇö count=1
  Γ£à PASS | Job match handles empty skills ΓÇö status=200

ΓòÉΓòÉΓòÉΓòÉΓòÉΓòÉΓòÉΓòÉΓòÉΓòÉΓòÉΓòÉΓòÉΓòÉΓòÉΓòÉΓòÉΓòÉΓòÉΓòÉΓòÉΓòÉΓòÉΓòÉΓòÉΓòÉΓòÉΓòÉΓòÉΓòÉΓòÉΓòÉΓòÉΓòÉΓòÉΓòÉΓòÉΓòÉΓòÉΓòÉΓòÉΓòÉΓòÉΓòÉΓòÉΓòÉΓòÉΓòÉΓòÉΓòÉ
  9. SAVED JOBS ΓÇö Save, List, Update, Delete, Duplicates
ΓòÉΓòÉΓòÉΓòÉΓòÉΓòÉΓòÉΓòÉΓòÉΓòÉΓòÉΓòÉΓòÉΓòÉΓòÉΓòÉΓòÉΓòÉΓòÉΓòÉΓòÉΓòÉΓòÉΓòÉΓòÉΓòÉΓòÉΓòÉΓòÉΓòÉΓòÉΓòÉΓòÉΓòÉΓòÉΓòÉΓòÉΓòÉΓòÉΓòÉΓòÉΓòÉΓòÉΓòÉΓòÉΓòÉΓòÉΓòÉΓòÉΓòÉ
  Γ£à PASS | POST /saved-jobs/save works ΓÇö id=29861a87
  Γ£à PASS | Can save multiple jobs ΓÇö id2=d0701927
  Γ£à PASS | Duplicate save handled gracefully ΓÇö msg=Job already saved
  Γ£à PASS | POST /saved-jobs lists all ΓÇö count=2
  Γ£à PASS | Has status stats ΓÇö stats={"total":2,"saved":2,"applied":0,"interviewing":0,"offered":0,"rejected":0}
  Γ£à PASS | POST /saved-jobs/update changes status ΓÇö msg=Job updated
  Γ£à PASS | Status update persisted ΓÇö status=applied
  Γ£à PASS | POST /saved-jobs/delete works ΓÇö msg=Job removed
  Γ£à PASS | Can delete all saved jobs ΓÇö msg=Job removed

ΓòÉΓòÉΓòÉΓòÉΓòÉΓòÉΓòÉΓòÉΓòÉΓòÉΓòÉΓòÉΓòÉΓòÉΓòÉΓòÉΓòÉΓòÉΓòÉΓòÉΓòÉΓòÉΓòÉΓòÉΓòÉΓòÉΓòÉΓòÉΓòÉΓòÉΓòÉΓòÉΓòÉΓòÉΓòÉΓòÉΓòÉΓòÉΓòÉΓòÉΓòÉΓòÉΓòÉΓòÉΓòÉΓòÉΓòÉΓòÉΓòÉΓòÉ
  10. JOB ALERTS ΓÇö Create, List, Toggle, Delete
ΓòÉΓòÉΓòÉΓòÉΓòÉΓòÉΓòÉΓòÉΓòÉΓòÉΓòÉΓòÉΓòÉΓòÉΓòÉΓòÉΓòÉΓòÉΓòÉΓòÉΓòÉΓòÉΓòÉΓòÉΓòÉΓòÉΓòÉΓòÉΓòÉΓòÉΓòÉΓòÉΓòÉΓòÉΓòÉΓòÉΓòÉΓòÉΓòÉΓòÉΓòÉΓòÉΓòÉΓòÉΓòÉΓòÉΓòÉΓòÉΓòÉΓòÉ
  Γ£à PASS | POST /job-alerts/create works ΓÇö id=012652b4
  Γ£à PASS | Can create multiple alerts ΓÇö id2=e4059dfd
  Γ£à PASS | POST /job-alerts lists all ΓÇö count=2
  Γ£à PASS | POST /job-alerts/toggle (deactivate) ΓÇö msg=Job alert updated successfully
  Γ£à PASS | POST /job-alerts/toggle (reactivate) ΓÇö msg=Job alert updated successfully
  Γ£à PASS | POST /job-alerts/delete works ΓÇö msg=Job alert deleted successfully
  Γ£à PASS | Can delete all alerts

ΓòÉΓòÉΓòÉΓòÉΓòÉΓòÉΓòÉΓòÉΓòÉΓòÉΓòÉΓòÉΓòÉΓòÉΓòÉΓòÉΓòÉΓòÉΓòÉΓòÉΓòÉΓòÉΓòÉΓòÉΓòÉΓòÉΓòÉΓòÉΓòÉΓòÉΓòÉΓòÉΓòÉΓòÉΓòÉΓòÉΓòÉΓòÉΓòÉΓòÉΓòÉΓòÉΓòÉΓòÉΓòÉΓòÉΓòÉΓòÉΓòÉΓòÉ
  11. LIVE JOB SEARCH ΓÇö Search, Filters, Results
ΓòÉΓòÉΓòÉΓòÉΓòÉΓòÉΓòÉΓòÉΓòÉΓòÉΓòÉΓòÉΓòÉΓòÉΓòÉΓòÉΓòÉΓòÉΓòÉΓòÉΓòÉΓòÉΓòÉΓòÉΓòÉΓòÉΓòÉΓòÉΓòÉΓòÉΓòÉΓòÉΓòÉΓòÉΓòÉΓòÉΓòÉΓòÉΓòÉΓòÉΓòÉΓòÉΓòÉΓòÉΓòÉΓòÉΓòÉΓòÉΓòÉΓòÉ
  Γ£à PASS | POST /jobs/live-search works ΓÇö count=5
  Γ£à PASS | Returns hasRealJobs flag ΓÇö real=true
  Γ£à PASS | Returns message ΓÇö msg=Live job listings from job boards
  Γ£à PASS | Job has title ΓÇö title=Webdesigner (m/w/d) ab 01.04.2026
  Γ£à PASS | Job has company ΓÇö company=beechwood.agency GmbH
  Γ£à PASS | Job has source ΓÇö source=arbeitnow
  Γ£à PASS | Job has location ΓÇö loc=Buchholz in der Nordheide
  Γ£à PASS | Different search works ΓÇö count=20
  Γ£à PASS | Empty keywords handled ΓÇö status=400

ΓòÉΓòÉΓòÉΓòÉΓòÉΓòÉΓòÉΓòÉΓòÉΓòÉΓòÉΓòÉΓòÉΓòÉΓòÉΓòÉΓòÉΓòÉΓòÉΓòÉΓòÉΓòÉΓòÉΓòÉΓòÉΓòÉΓòÉΓòÉΓòÉΓòÉΓòÉΓòÉΓòÉΓòÉΓòÉΓòÉΓòÉΓòÉΓòÉΓòÉΓòÉΓòÉΓòÉΓòÉΓòÉΓòÉΓòÉΓòÉΓòÉΓòÉ
  12. LEARNING CENTER ΓÇö Generate, Paths, Skill Gaps
ΓòÉΓòÉΓòÉΓòÉΓòÉΓòÉΓòÉΓòÉΓòÉΓòÉΓòÉΓòÉΓòÉΓòÉΓòÉΓòÉΓòÉΓòÉΓòÉΓòÉΓòÉΓòÉΓòÉΓòÉΓòÉΓòÉΓòÉΓòÉΓòÉΓòÉΓòÉΓòÉΓòÉΓòÉΓòÉΓòÉΓòÉΓòÉΓòÉΓòÉΓòÉΓòÉΓòÉΓòÉΓòÉΓòÉΓòÉΓòÉΓòÉΓòÉ
  Γ£à PASS | POST /learning-path/generate works ΓÇö pathId=172a4fb2
  Γ£à PASS | Has learning path content ΓÇö keys=targetRole,currentSkills,requiredSkills,skillGaps,prioritySkills,completionPerce
  Γ£à PASS | GET /learning-paths lists results ΓÇö count=1
  Γ£à PASS | POST /learning-path/skill-gaps works ΓÇö has_analysis=true
  Γ£à PASS | Has skill gap details ΓÇö keys=requiredSkills,currentSkills,skillGaps,prioritySkills,target
  Γ£à PASS | Has course recommendations ΓÇö count=0
  Γ£à PASS | POST /course/track-progress works ΓÇö status=400
  Γ£à PASS | GET /learning-progress works ΓÇö status=200
  Γ£à PASS | Can generate multiple learning paths ΓÇö pathId2=539fd982

ΓòÉΓòÉΓòÉΓòÉΓòÉΓòÉΓòÉΓòÉΓòÉΓòÉΓòÉΓòÉΓòÉΓòÉΓòÉΓòÉΓòÉΓòÉΓòÉΓòÉΓòÉΓòÉΓòÉΓòÉΓòÉΓòÉΓòÉΓòÉΓòÉΓòÉΓòÉΓòÉΓòÉΓòÉΓòÉΓòÉΓòÉΓòÉΓòÉΓòÉΓòÉΓòÉΓòÉΓòÉΓòÉΓòÉΓòÉΓòÉΓòÉΓòÉ
  13. ANALYTICS ΓÇö Dashboard, DAU, WAU, MAU, Funnel, Segments
ΓòÉΓòÉΓòÉΓòÉΓòÉΓòÉΓòÉΓòÉΓòÉΓòÉΓòÉΓòÉΓòÉΓòÉΓòÉΓòÉΓòÉΓòÉΓòÉΓòÉΓòÉΓòÉΓòÉΓòÉΓòÉΓòÉΓòÉΓòÉΓòÉΓòÉΓòÉΓòÉΓòÉΓòÉΓòÉΓòÉΓòÉΓòÉΓòÉΓòÉΓòÉΓòÉΓòÉΓòÉΓòÉΓòÉΓòÉΓòÉΓòÉΓòÉ
  Γ£à PASS | GET /admin/analytics works ΓÇö users=38, resumes=27
  Γ£à PASS | Has user stats ΓÇö users=38
  Γ£à PASS | Has resume stats ΓÇö resumes=27
  Γ£à PASS | GET /dashboard works ΓÇö success=true
  Γ£à PASS | GET /analytics/dau works ΓÇö success=true
  Γ£à PASS | GET /analytics/dau?days=7 with param ΓÇö success=true
  Γ£à PASS | GET /analytics/wau works ΓÇö success=true
  Γ£à PASS | GET /analytics/mau works ΓÇö success=true
  Γ£à PASS | GET /analytics/funnel works ΓÇö status=200
  Γ£à PASS | GET /analytics/segmentation works ΓÇö status=200
  Γ£à PASS | GET /analytics/cohorts works ΓÇö status=200
  Γ£à PASS | GET /analytics/module-usage works ΓÇö success=true

ΓòÉΓòÉΓòÉΓòÉΓòÉΓòÉΓòÉΓòÉΓòÉΓòÉΓòÉΓòÉΓòÉΓòÉΓòÉΓòÉΓòÉΓòÉΓòÉΓòÉΓòÉΓòÉΓòÉΓòÉΓòÉΓòÉΓòÉΓòÉΓòÉΓòÉΓòÉΓòÉΓòÉΓòÉΓòÉΓòÉΓòÉΓòÉΓòÉΓòÉΓòÉΓòÉΓòÉΓòÉΓòÉΓòÉΓòÉΓòÉΓòÉΓòÉ
  14. CHAT EXPORT & SHARING ΓÇö Markdown, HTML, Share, Revoke
ΓòÉΓòÉΓòÉΓòÉΓòÉΓòÉΓòÉΓòÉΓòÉΓòÉΓòÉΓòÉΓòÉΓòÉΓòÉΓòÉΓòÉΓòÉΓòÉΓòÉΓòÉΓòÉΓòÉΓòÉΓòÉΓòÉΓòÉΓòÉΓòÉΓòÉΓòÉΓòÉΓòÉΓòÉΓòÉΓòÉΓòÉΓòÉΓòÉΓòÉΓòÉΓòÉΓòÉΓòÉΓòÉΓòÉΓòÉΓòÉΓòÉΓòÉ
  Γ£à PASS | POST /chat/export-markdown returns markdown ΓÇö type=text/markdown, len=2393
  Γ£à PASS | POST /chat/export-html returns HTML ΓÇö type=text/html, len=4688
  Γ£à PASS | POST /chat/create-share creates link ΓÇö code=13E1E17B
  Γ£à PASS | GET /chat-shares lists shares ΓÇö count=1
  Γ£à PASS | GET /shared-chat/:code (no auth) works ΓÇö success=true
  Γ£à PASS | Bad share code returns error ΓÇö status=404
  Γ£à PASS | POST /chat/revoke-share works ΓÇö msg=Share link revoked successfully
  Γ£à PASS | Revoked share is inaccessible ΓÇö status=410

ΓòÉΓòÉΓòÉΓòÉΓòÉΓòÉΓòÉΓòÉΓòÉΓòÉΓòÉΓòÉΓòÉΓòÉΓòÉΓòÉΓòÉΓòÉΓòÉΓòÉΓòÉΓòÉΓòÉΓòÉΓòÉΓòÉΓòÉΓòÉΓòÉΓòÉΓòÉΓòÉΓòÉΓòÉΓòÉΓòÉΓòÉΓòÉΓòÉΓòÉΓòÉΓòÉΓòÉΓòÉΓòÉΓòÉΓòÉΓòÉΓòÉΓòÉ
  15. SECURITY ΓÇö Auth enforcement, Rate limiting
ΓòÉΓòÉΓòÉΓòÉΓòÉΓòÉΓòÉΓòÉΓòÉΓòÉΓòÉΓòÉΓòÉΓòÉΓòÉΓòÉΓòÉΓòÉΓòÉΓòÉΓòÉΓòÉΓòÉΓòÉΓòÉΓòÉΓòÉΓòÉΓòÉΓòÉΓòÉΓòÉΓòÉΓòÉΓòÉΓòÉΓòÉΓòÉΓòÉΓòÉΓòÉΓòÉΓòÉΓòÉΓòÉΓòÉΓòÉΓòÉΓòÉΓòÉ
  Γ£à PASS | Profile rejects no auth ΓÇö status=401
  Γ£à PASS | Chat Sessions rejects no auth ΓÇö status=401
  Γ£à PASS | Resumes rejects no auth ΓÇö status=401
  Γ£à PASS | Career Paths rejects no auth ΓÇö status=401
  Γ£à PASS | Learning Paths rejects no auth ΓÇö status=401
  Γ£à PASS | Chat Shares rejects no auth ΓÇö status=401
  Γ£à PASS | DELETE session rejects no auth ΓÇö status=401
  Γ£à PASS | DELETE session with auth works ΓÇö success=true
  Γ£à PASS | Invalid JWT token rejected ΓÇö status=401
  Γ£à PASS | GET /debug/rate-limiter-reset works ΓÇö status=200

ΓòÉΓòÉΓòÉΓòÉΓòÉΓòÉΓòÉΓòÉΓòÉΓòÉΓòÉΓòÉΓòÉΓòÉΓòÉΓòÉΓòÉΓòÉΓòÉΓòÉΓòÉΓòÉΓòÉΓòÉΓòÉΓòÉΓòÉΓòÉΓòÉΓòÉΓòÉΓòÉΓòÉΓòÉΓòÉΓòÉΓòÉΓòÉΓòÉΓòÉΓòÉΓòÉΓòÉΓòÉΓòÉΓòÉΓòÉΓòÉΓòÉΓòÉ
  16. EDGE CASES ΓÇö 404s, Bad input, Boundary conditions
ΓòÉΓòÉΓòÉΓòÉΓòÉΓòÉΓòÉΓòÉΓòÉΓòÉΓòÉΓòÉΓòÉΓòÉΓòÉΓòÉΓòÉΓòÉΓòÉΓòÉΓòÉΓòÉΓòÉΓòÉΓòÉΓòÉΓòÉΓòÉΓòÉΓòÉΓòÉΓòÉΓòÉΓòÉΓòÉΓòÉΓòÉΓòÉΓòÉΓòÉΓòÉΓòÉΓòÉΓòÉΓòÉΓòÉΓòÉΓòÉΓòÉΓòÉ
  Γ£à PASS | Unknown GET returns 404 ΓÇö status=404
  Γ£à PASS | Unknown POST returns 404 ΓÇö status=404
  Γ£à PASS | Empty chat message rejected ΓÇö status=400, error=Message is required
  Γ£à PASS | Non-existent resume handled ΓÇö status=404
  Γ£à PASS | Non-existent session handled ΓÇö status=404
  Γ£à PASS | Minimal job save handled ΓÇö status=200
  Γ£à PASS | Double delete handled ΓÇö status=200
  Γ£à PASS | Very long message handled ΓÇö status=200
  Γ£à PASS | XSS/SQL injection in job search handled ΓÇö status=200
  Γ£à PASS | Unicode profile update handled ΓÇö success=true

ΓòÉΓòÉΓòÉΓòÉΓòÉΓòÉΓòÉΓòÉΓòÉΓòÉΓòÉΓòÉΓòÉΓòÉΓòÉΓòÉΓòÉΓòÉΓòÉΓòÉΓòÉΓòÉΓòÉΓòÉΓòÉΓòÉΓòÉΓòÉΓòÉΓòÉΓòÉΓòÉΓòÉΓòÉΓòÉΓòÉΓòÉΓòÉΓòÉΓòÉΓòÉΓòÉΓòÉΓòÉΓòÉΓòÉΓòÉΓòÉΓòÉΓòÉ
  17. GUEST USER ΓÇö Limited access flow
ΓòÉΓòÉΓòÉΓòÉΓòÉΓòÉΓòÉΓòÉΓòÉΓòÉΓòÉΓòÉΓòÉΓòÉΓòÉΓòÉΓòÉΓòÉΓòÉΓòÉΓòÉΓòÉΓòÉΓòÉΓòÉΓòÉΓòÉΓòÉΓòÉΓòÉΓòÉΓòÉΓòÉΓòÉΓòÉΓòÉΓòÉΓòÉΓòÉΓòÉΓòÉΓòÉΓòÉΓòÉΓòÉΓòÉΓòÉΓòÉΓòÉΓòÉ
  Γ£à PASS | Guest can access profile ΓÇö status=404
  Γ£à PASS | Guest can use chat ΓÇö status=200

ΓòÉΓòÉΓòÉΓòÉΓòÉΓòÉΓòÉΓòÉΓòÉΓòÉΓòÉΓòÉΓòÉΓòÉΓòÉΓòÉΓòÉΓòÉΓòÉΓòÉΓòÉΓòÉΓòÉΓòÉΓòÉΓòÉΓòÉΓòÉΓòÉΓòÉΓòÉΓòÉΓòÉΓòÉΓòÉΓòÉΓòÉΓòÉΓòÉΓòÉΓòÉΓòÉΓòÉΓòÉΓòÉΓòÉΓòÉΓòÉΓòÉΓòÉ
  18. INTEGRATION ΓÇö Cross-module workflows
ΓòÉΓòÉΓòÉΓòÉΓòÉΓòÉΓòÉΓòÉΓòÉΓòÉΓòÉΓòÉΓòÉΓòÉΓòÉΓòÉΓòÉΓòÉΓòÉΓòÉΓòÉΓòÉΓòÉΓòÉΓòÉΓòÉΓòÉΓòÉΓòÉΓòÉΓòÉΓòÉΓòÉΓòÉΓòÉΓòÉΓòÉΓòÉΓòÉΓòÉΓòÉΓòÉΓòÉΓòÉΓòÉΓòÉΓòÉΓòÉΓòÉΓòÉ
  Γ£à PASS | Resume exists for integration ΓÇö id=e5d324c2
  Γ£à PASS | Profile tracks resume count ΓÇö count=2
  Γ£à PASS | Profile tracks chat count ΓÇö count=3
  Γ¥î FAIL | Profile tracks career path count ΓÇö count=0
  Γ£à PASS | Analytics shows users ΓÇö users=38
  Γ£à PASS | Dashboard returns data ΓÇö keys=success,dashboard

ΓòÉΓòÉΓòÉΓòÉΓòÉΓòÉΓòÉΓòÉΓòÉΓòÉΓòÉΓòÉΓòÉΓòÉΓòÉΓòÉΓòÉΓòÉΓòÉΓòÉΓòÉΓòÉΓòÉΓòÉΓòÉΓòÉΓòÉΓòÉΓòÉΓòÉΓòÉΓòÉΓòÉΓòÉΓòÉΓòÉΓòÉΓòÉΓòÉΓòÉΓòÉΓòÉΓòÉΓòÉΓòÉΓòÉΓòÉΓòÉΓòÉΓòÉΓòÉΓòÉΓòÉΓòÉΓòÉΓòÉΓòÉΓòÉ
                    TEST RESULTS SUMMARY
ΓòÉΓòÉΓòÉΓòÉΓòÉΓòÉΓòÉΓòÉΓòÉΓòÉΓòÉΓòÉΓòÉΓòÉΓòÉΓòÉΓòÉΓòÉΓòÉΓòÉΓòÉΓòÉΓòÉΓòÉΓòÉΓòÉΓòÉΓòÉΓòÉΓòÉΓòÉΓòÉΓòÉΓòÉΓòÉΓòÉΓòÉΓòÉΓòÉΓòÉΓòÉΓòÉΓòÉΓòÉΓòÉΓòÉΓòÉΓòÉΓòÉΓòÉΓòÉΓòÉΓòÉΓòÉΓòÉΓòÉΓòÉΓòÉ

  Total Tests: 155
  Γ£à Passed:   151
  Γ¥î Failed:   4
  Pass Rate:   97.4%
  Duration:    168.6s

  SECTION BREAKDOWN:
    Γ£à 1. SYSTEM ΓÇö Health & Models: 5/5
    Γ£à 2. AUTH ΓÇö Registration, Login, Verification, Passwords: 21/21
    Γ£à 3. PROFILE ΓÇö Get & Update: 6/6
    ΓÜá∩╕Å 4. AI CHAT ΓÇö Messaging, Sessions, Multi-Model: 10/11
    ΓÜá∩╕Å 5. RESUME ΓÇö Upload, Analyze, List, Variants: 9/10
    ΓÜá∩╕Å 6. CAREER PATH ΓÇö Generate, List, Quality: 1/2
    Γ£à 7. MOCK INTERVIEW ΓÇö Start, Respond, Feedback, Report: 11/11
    Γ£à 8. JOB MATCHING ΓÇö AI Match, History: 7/7
    Γ£à 9. SAVED JOBS ΓÇö Save, List, Update, Delete, Duplicates: 9/9
    Γ£à 10. JOB ALERTS ΓÇö Create, List, Toggle, Delete: 7/7
    Γ£à 11. LIVE JOB SEARCH ΓÇö Search, Filters, Results: 9/9
    Γ£à 12. LEARNING CENTER ΓÇö Generate, Paths, Skill Gaps: 9/9
    Γ£à 13. ANALYTICS ΓÇö Dashboard, DAU, WAU, MAU, Funnel, Segments: 12/12
    Γ£à 14. CHAT EXPORT & SHARING ΓÇö Markdown, HTML, Share, Revoke: 8/8
    Γ£à 15. SECURITY ΓÇö Auth enforcement, Rate limiting: 10/10
    Γ£à 16. EDGE CASES ΓÇö 404s, Bad input, Boundary conditions: 10/10
    Γ£à 17. GUEST USER ΓÇö Limited access flow: 2/2
    ΓÜá∩╕Å 18. INTEGRATION ΓÇö Cross-module workflows: 5/6

  Γ¥î FAILED TESTS:
    ΓÇó [4. AI CHAT ΓÇö Messaging, Sessions, Multi-Model] Follow-up maintains context ΓÇö len=undefined
    ΓÇó [5. RESUME ΓÇö Upload, Analyze, List, Variants] POST /resume/analyze succeeds ΓÇö atsScore=undefined
    ΓÇó [6. CAREER PATH ΓÇö Generate, List, Quality] POST /career-path/generate succeeds ΓÇö pathId=undefined
    ΓÇó [18. INTEGRATION ΓÇö Cross-module workflows] Profile tracks career path count ΓÇö count=0

ΓòÉΓòÉΓòÉΓòÉΓòÉΓòÉΓòÉΓòÉΓòÉΓòÉΓòÉΓòÉΓòÉΓòÉΓòÉΓòÉΓòÉΓòÉΓòÉΓòÉΓòÉΓòÉΓòÉΓòÉΓòÉΓòÉΓòÉΓòÉΓòÉΓòÉΓòÉΓòÉΓòÉΓòÉΓòÉΓòÉΓòÉΓòÉΓòÉΓòÉΓòÉΓòÉΓòÉΓòÉΓòÉΓòÉΓòÉΓòÉΓòÉΓòÉΓòÉΓòÉΓòÉΓòÉΓòÉΓòÉΓòÉΓòÉ
  Completed: 27/2/2026, 8:34:09 pm
ΓòÉΓòÉΓòÉΓòÉΓòÉΓòÉΓòÉΓòÉΓòÉΓòÉΓòÉΓòÉΓòÉΓòÉΓòÉΓòÉΓòÉΓòÉΓòÉΓòÉΓòÉΓòÉΓòÉΓòÉΓòÉΓòÉΓòÉΓòÉΓòÉΓòÉΓòÉΓòÉΓòÉΓòÉΓòÉΓòÉΓòÉΓòÉΓòÉΓòÉΓòÉΓòÉΓòÉΓòÉΓòÉΓòÉΓòÉΓòÉΓòÉΓòÉΓòÉΓòÉΓòÉΓòÉΓòÉΓòÉΓòÉΓòÉ
